Resource Utilization by Entity report for dwt53_streaming_de10_synth_top
Wed Aug 26 23:26:02 2026
Quartus Prime Version 20.1.1 Build 720 11/11/2020 SJ Lite Edition


---------------------
; Table of Contents ;
---------------------
  1. Legal Notice
  2. Fitter Resource Utilization by Entity



----------------
; Legal Notice ;
----------------
Copyright (C) 2020  Intel Corporation. All rights reserved.
Your use of Intel Corporation's design tools, logic functions 
and other software and tools, and any partner logic 
functions, and any output files from any of the foregoing 
(including device programming or simulation files), and any 
associated documentation or information are expressly subject 
to the terms and conditions of the Intel Program License 
Subscription Agreement, the Intel Quartus Prime License Agreement,
the Intel FPGA IP License Agreement, or other applicable license
agreement, including, without limitation, that your use is for
the sole purpose of programming logic devices manufactured by
Intel and sold by Intel or its authorized distributors.  Please
refer to the applicable agreement for further details, at
https://fpgasoftware.intel.com/eula.



+---------------------------------------------------------------------------------------------------------------------------------------------------------------------------------------------------------------------------------------------------------------------------------------------------------------------------------------------------------------------------------------------------------------------------------------------------------------------------------------------------------------------------------------------------------------------------------------+
; Fitter Resource Utilization by Entity                                                                                                                                                                                                                                                                                                                                                                                                                                                                                                                                                 ;
+-------------------------------------------------+----------------------+----------------------------------+---------------------------------------------------+----------------------------------+----------------------+---------------------+---------------------------+---------------+-------------------+-------+------------+------+--------------+----------------------------------------------------------------------------------------------------------------------------------------------------------------------------+--------------------------------+--------------+
; Compilation Hierarchy Node                      ; ALMs needed [=A-B+C] ; [A] ALMs used in final placement ; [B] Estimate of ALMs recoverable by dense packing ; [C] Estimate of ALMs unavailable ; ALMs used for memory ; Combinational ALUTs ; Dedicated Logic Registers ; I/O Registers ; Block Memory Bits ; M10Ks ; DSP Blocks ; Pins ; Virtual Pins ; Full Hierarchy Name                                                                                                                                                        ; Entity Name                    ; Library Name ;
+-------------------------------------------------+----------------------+----------------------------------+---------------------------------------------------+----------------------------------+----------------------+---------------------+---------------------------+---------------+-------------------+-------+------------+------+--------------+----------------------------------------------------------------------------------------------------------------------------------------------------------------------------+--------------------------------+--------------+
; |dwt53_streaming_de10_synth_top                 ; 3165.5 (128.0)       ; 3882.5 (136.2)                   ; 756.0 (8.9)                                       ; 39.0 (0.8)                       ; 0.0 (0.0)            ; 4831 (220)          ; 5291 (0)                  ; 0 (0)         ; 829440            ; 118   ; 0          ; 70   ; 0            ; |dwt53_streaming_de10_synth_top                                                                                                                                            ; dwt53_streaming_de10_synth_top ; work         ;
;    |dwt53_streaming_top:u_dwt53_streaming|      ; 3037.5 (29.8)        ; 3746.3 (33.3)                    ; 747.1 (3.6)                                       ; 38.2 (0.0)                       ; 0.0 (0.0)            ; 4611 (52)           ; 5291 (39)                 ; 0 (0)         ; 829440            ; 118   ; 0          ; 0    ; 0            ; |dwt53_streaming_de10_synth_top|dwt53_streaming_top:u_dwt53_streaming                                                                                                      ; dwt53_streaming_top            ; work         ;
;       |dwt53_band_align:u_band_align|           ; 117.8 (116.1)        ; 173.8 (172.2)                    ; 56.1 (56.1)                                       ; 0.0 (0.0)                        ; 0.0 (0.0)            ; 130 (128)           ; 315 (313)                 ; 0 (0)         ; 491520            ; 58    ; 0          ; 0    ; 0            ; |dwt53_streaming_de10_synth_top|dwt53_streaming_top:u_dwt53_streaming|dwt53_band_align:u_band_align                                                                        ; dwt53_band_align               ; work         ;
;          |altsyncram:mem_rtl_0|                 ; 1.7 (0.0)            ; 1.7 (0.0)                        ; 0.0 (0.0)                                         ; 0.0 (0.0)                        ; 0.0 (0.0)            ; 2 (0)               ; 2 (0)                     ; 0 (0)         ; 491520            ; 58    ; 0          ; 0    ; 0            ; |dwt53_streaming_de10_synth_top|dwt53_streaming_top:u_dwt53_streaming|dwt53_band_align:u_band_align|altsyncram:mem_rtl_0                                                   ; altsyncram                     ; work         ;
;             |altsyncram_srq1:auto_generated|    ; 1.7 (1.0)            ; 1.7 (1.0)                        ; 0.0 (0.0)                                         ; 0.0 (0.0)                        ; 0.0 (0.0)            ; 2 (1)               ; 2 (2)                     ; 0 (0)         ; 491520            ; 58    ; 0          ; 0    ; 0            ; |dwt53_streaming_de10_synth_top|dwt53_streaming_top:u_dwt53_streaming|dwt53_band_align:u_band_align|altsyncram:mem_rtl_0|altsyncram_srq1:auto_generated                    ; altsyncram_srq1                ; work         ;
;                |decode_5la:decode2|             ; 0.7 (0.7)            ; 0.7 (0.7)                        ; 0.0 (0.0)                                         ; 0.0 (0.0)                        ; 0.0 (0.0)            ; 1 (1)               ; 0 (0)                     ; 0 (0)         ; 0                 ; 0     ; 0          ; 0    ; 0            ; |dwt53_streaming_de10_synth_top|dwt53_streaming_top:u_dwt53_streaming|dwt53_band_align:u_band_align|altsyncram:mem_rtl_0|altsyncram_srq1:auto_generated|decode_5la:decode2 ; decode_5la                     ; work         ;
;       |dwt53_checkpoint8:g_checkpoints.u_cp_fw| ; 308.3 (308.3)        ; 348.8 (348.8)                    ; 47.6 (47.6)                                       ; 7.0 (7.0)                        ; 0.0 (0.0)            ; 565 (565)           ; 225 (225)                 ; 0 (0)         ; 0                 ; 0     ; 0          ; 0    ; 0            ; |dwt53_streaming_de10_synth_top|dwt53_streaming_top:u_dwt53_streaming|dwt53_checkpoint8:g_checkpoints.u_cp_fw                                                              ; dwt53_checkpoint8              ; work         ;
;       |dwt53_checkpoint8:g_checkpoints.u_cp_in| ; 74.8 (74.8)          ; 111.8 (111.8)                    ; 37.1 (37.1)                                       ; 0.0 (0.0)                        ; 0.0 (0.0)            ; 128 (128)           ; 209 (209)                 ; 0 (0)         ; 0                 ; 0     ; 0          ; 0    ; 0            ; |dwt53_streaming_de10_synth_top|dwt53_streaming_top:u_dwt53_streaming|dwt53_checkpoint8:g_checkpoints.u_cp_in                                                              ; dwt53_checkpoint8              ; work         ;
;       |dwt53_checkpoint8:g_checkpoints.u_cp_l1| ; 153.6 (153.6)        ; 184.9 (184.9)                    ; 31.3 (31.3)                                       ; 0.0 (0.0)                        ; 0.0 (0.0)            ; 277 (277)           ; 221 (221)                 ; 0 (0)         ; 0                 ; 0     ; 0          ; 0    ; 0            ; |dwt53_streaming_de10_synth_top|dwt53_streaming_top:u_dwt53_streaming|dwt53_checkpoint8:g_checkpoints.u_cp_l1                                                              ; dwt53_checkpoint8              ; work         ;
;       |dwt53_checkpoint8:g_checkpoints.u_cp_rc| ; 125.5 (125.5)        ; 125.4 (125.4)                    ; 0.0 (0.0)                                         ; 0.0 (0.0)                        ; 0.0 (0.0)            ; 176 (176)           ; 225 (225)                 ; 0 (0)         ; 0                 ; 0     ; 0          ; 0    ; 0            ; |dwt53_streaming_de10_synth_top|dwt53_streaming_top:u_dwt53_streaming|dwt53_checkpoint8:g_checkpoints.u_cp_rc                                                              ; dwt53_checkpoint8              ; work         ;
;       |dwt53_checkpoint8:g_checkpoints.u_cp_re| ; 111.1 (111.1)        ; 119.2 (119.2)                    ; 8.7 (8.7)                                         ; 0.7 (0.7)                        ; 0.0 (0.0)            ; 176 (176)           ; 225 (225)                 ; 0 (0)         ; 0                 ; 0     ; 0          ; 0    ; 0            ; |dwt53_streaming_de10_synth_top|dwt53_streaming_top:u_dwt53_streaming|dwt53_checkpoint8:g_checkpoints.u_cp_re                                                              ; dwt53_checkpoint8              ; work         ;
;       |dwt53_fwd2d_stream:u_fwd_l1|             ; 371.8 (300.2)        ; 486.8 (410.8)                    ; 123.0 (117.7)                                     ; 8.0 (7.0)                        ; 0.0 (0.0)            ; 592 (469)           ; 655 (584)                 ; 0 (0)         ; 61440             ; 12    ; 0          ; 0    ; 0            ; |dwt53_streaming_de10_synth_top|dwt53_streaming_top:u_dwt53_streaming|dwt53_fwd2d_stream:u_fwd_l1                                                                          ; dwt53_fwd2d_stream             ; work         ;
;          |altsyncram:dprev_h_mem_rtl_0|         ; 0.0 (0.0)            ; 0.0 (0.0)                        ; 0.0 (0.0)                                         ; 0.0 (0.0)                        ; 0.0 (0.0)            ; 0 (0)               ; 0 (0)                     ; 0 (0)         ; 10240             ; 4     ; 0          ; 0    ; 0            ; |dwt53_streaming_de10_synth_top|dwt53_streaming_top:u_dwt53_streaming|dwt53_fwd2d_stream:u_fwd_l1|altsyncram:dprev_h_mem_rtl_0                                             ; altsyncram                     ; work         ;
;             |altsyncram_glq1:auto_generated|    ; 0.0 (0.0)            ; 0.0 (0.0)                        ; 0.0 (0.0)                                         ; 0.0 (0.0)                        ; 0.0 (0.0)            ; 0 (0)               ; 0 (0)                     ; 0 (0)         ; 10240             ; 4     ; 0          ; 0    ; 0            ; |dwt53_streaming_de10_synth_top|dwt53_streaming_top:u_dwt53_streaming|dwt53_fwd2d_stream:u_fwd_l1|altsyncram:dprev_h_mem_rtl_0|altsyncram_glq1:auto_generated              ; altsyncram_glq1                ; work         ;
;          |altsyncram:dprev_l_mem_rtl_0|         ; 0.0 (0.0)            ; 0.0 (0.0)                        ; 0.0 (0.0)                                         ; 0.0 (0.0)                        ; 0.0 (0.0)            ; 0 (0)               ; 0 (0)                     ; 0 (0)         ; 10240             ; 0     ; 0          ; 0    ; 0            ; |dwt53_streaming_de10_synth_top|dwt53_streaming_top:u_dwt53_streaming|dwt53_fwd2d_stream:u_fwd_l1|altsyncram:dprev_l_mem_rtl_0                                             ; altsyncram                     ; work         ;
;             |altsyncram_glq1:auto_generated|    ; 0.0 (0.0)            ; 0.0 (0.0)                        ; 0.0 (0.0)                                         ; 0.0 (0.0)                        ; 0.0 (0.0)            ; 0 (0)               ; 0 (0)                     ; 0 (0)         ; 10240             ; 0     ; 0          ; 0    ; 0            ; |dwt53_streaming_de10_synth_top|dwt53_streaming_top:u_dwt53_streaming|dwt53_fwd2d_stream:u_fwd_l1|altsyncram:dprev_l_mem_rtl_0|altsyncram_glq1:auto_generated              ; altsyncram_glq1                ; work         ;
;          |altsyncram:even_h_mem_rtl_0|          ; 0.0 (0.0)            ; 0.0 (0.0)                        ; 0.0 (0.0)                                         ; 0.0 (0.0)                        ; 0.0 (0.0)            ; 0 (0)               ; 0 (0)                     ; 0 (0)         ; 10240             ; 4     ; 0          ; 0    ; 0            ; |dwt53_streaming_de10_synth_top|dwt53_streaming_top:u_dwt53_streaming|dwt53_fwd2d_stream:u_fwd_l1|altsyncram:even_h_mem_rtl_0                                              ; altsyncram                     ; work         ;
;             |altsyncram_glq1:auto_generated|    ; 0.0 (0.0)            ; 0.0 (0.0)                        ; 0.0 (0.0)                                         ; 0.0 (0.0)                        ; 0.0 (0.0)            ; 0 (0)               ; 0 (0)                     ; 0 (0)         ; 10240             ; 4     ; 0          ; 0    ; 0            ; |dwt53_streaming_de10_synth_top|dwt53_streaming_top:u_dwt53_streaming|dwt53_fwd2d_stream:u_fwd_l1|altsyncram:even_h_mem_rtl_0|altsyncram_glq1:auto_generated               ; altsyncram_glq1                ; work         ;
;          |altsyncram:even_l_mem_rtl_0|          ; 0.0 (0.0)            ; 0.0 (0.0)                        ; 0.0 (0.0)                                         ; 0.0 (0.0)                        ; 0.0 (0.0)            ; 0 (0)               ; 0 (0)                     ; 0 (0)         ; 10240             ; 0     ; 0          ; 0    ; 0            ; |dwt53_streaming_de10_synth_top|dwt53_streaming_top:u_dwt53_streaming|dwt53_fwd2d_stream:u_fwd_l1|altsyncram:even_l_mem_rtl_0                                              ; altsyncram                     ; work         ;
;             |altsyncram_glq1:auto_generated|    ; 0.0 (0.0)            ; 0.0 (0.0)                        ; 0.0 (0.0)                                         ; 0.0 (0.0)                        ; 0.0 (0.0)            ; 0 (0)               ; 0 (0)                     ; 0 (0)         ; 10240             ; 0     ; 0          ; 0    ; 0            ; |dwt53_streaming_de10_synth_top|dwt53_streaming_top:u_dwt53_streaming|dwt53_fwd2d_stream:u_fwd_l1|altsyncram:even_l_mem_rtl_0|altsyncram_glq1:auto_generated               ; altsyncram_glq1                ; work         ;
;          |altsyncram:odd_h_mem_rtl_0|           ; 0.0 (0.0)            ; 0.0 (0.0)                        ; 0.0 (0.0)                                         ; 0.0 (0.0)                        ; 0.0 (0.0)            ; 0 (0)               ; 0 (0)                     ; 0 (0)         ; 10240             ; 4     ; 0          ; 0    ; 0            ; |dwt53_streaming_de10_synth_top|dwt53_streaming_top:u_dwt53_streaming|dwt53_fwd2d_stream:u_fwd_l1|altsyncram:odd_h_mem_rtl_0                                               ; altsyncram                     ; work         ;
;             |altsyncram_glq1:auto_generated|    ; 0.0 (0.0)            ; 0.0 (0.0)                        ; 0.0 (0.0)                                         ; 0.0 (0.0)                        ; 0.0 (0.0)            ; 0 (0)               ; 0 (0)                     ; 0 (0)         ; 10240             ; 4     ; 0          ; 0    ; 0            ; |dwt53_streaming_de10_synth_top|dwt53_streaming_top:u_dwt53_streaming|dwt53_fwd2d_stream:u_fwd_l1|altsyncram:odd_h_mem_rtl_0|altsyncram_glq1:auto_generated                ; altsyncram_glq1                ; work         ;
;          |altsyncram:odd_l_mem_rtl_0|           ; 0.0 (0.0)            ; 0.0 (0.0)                        ; 0.0 (0.0)                                         ; 0.0 (0.0)                        ; 0.0 (0.0)            ; 0 (0)               ; 0 (0)                     ; 0 (0)         ; 10240             ; 0     ; 0          ; 0    ; 0            ; |dwt53_streaming_de10_synth_top|dwt53_streaming_top:u_dwt53_streaming|dwt53_fwd2d_stream:u_fwd_l1|altsyncram:odd_l_mem_rtl_0                                               ; altsyncram                     ; work         ;
;             |altsyncram_glq1:auto_generated|    ; 0.0 (0.0)            ; 0.0 (0.0)                        ; 0.0 (0.0)                                         ; 0.0 (0.0)                        ; 0.0 (0.0)            ; 0 (0)               ; 0 (0)                     ; 0 (0)         ; 10240             ; 0     ; 0          ; 0    ; 0            ; |dwt53_streaming_de10_synth_top|dwt53_streaming_top:u_dwt53_streaming|dwt53_fwd2d_stream:u_fwd_l1|altsyncram:odd_l_mem_rtl_0|altsyncram_glq1:auto_generated                ; altsyncram_glq1                ; work         ;
;          |dwt53_fwd1d_pair_stream:u_row_fwd|    ; 71.6 (71.6)          ; 76.0 (76.0)                      ; 5.3 (5.3)                                         ; 1.0 (1.0)                        ; 0.0 (0.0)            ; 123 (123)           ; 71 (71)                   ; 0 (0)         ; 0                 ; 0     ; 0          ; 0    ; 0            ; |dwt53_streaming_de10_synth_top|dwt53_streaming_top:u_dwt53_streaming|dwt53_fwd2d_stream:u_fwd_l1|dwt53_fwd1d_pair_stream:u_row_fwd                                        ; dwt53_fwd1d_pair_stream        ; work         ;
;       |dwt53_fwd2d_stream:u_fwd_l2|             ; 385.3 (287.0)        ; 501.3 (398.5)                    ; 129.0 (119.0)                                     ; 13.0 (7.5)                       ; 0.0 (0.0)            ; 608 (458)           ; 669 (578)                 ; 0 (0)         ; 30720             ; 6     ; 0          ; 0    ; 0            ; |dwt53_streaming_de10_synth_top|dwt53_streaming_top:u_dwt53_streaming|dwt53_fwd2d_stream:u_fwd_l2                                                                          ; dwt53_fwd2d_stream             ; work         ;
;          |altsyncram:dprev_h_mem_rtl_0|         ; 0.0 (0.0)            ; 0.0 (0.0)                        ; 0.0 (0.0)                                         ; 0.0 (0.0)                        ; 0.0 (0.0)            ; 0 (0)               ; 0 (0)                     ; 0 (0)         ; 5120              ; 2     ; 0          ; 0    ; 0            ; |dwt53_streaming_de10_synth_top|dwt53_streaming_top:u_dwt53_streaming|dwt53_fwd2d_stream:u_fwd_l2|altsyncram:dprev_h_mem_rtl_0                                             ; altsyncram                     ; work         ;
;             |altsyncram_miq1:auto_generated|    ; 0.0 (0.0)            ; 0.0 (0.0)                        ; 0.0 (0.0)                                         ; 0.0 (0.0)                        ; 0.0 (0.0)            ; 0 (0)               ; 0 (0)                     ; 0 (0)         ; 5120              ; 2     ; 0          ; 0    ; 0            ; |dwt53_streaming_de10_synth_top|dwt53_streaming_top:u_dwt53_streaming|dwt53_fwd2d_stream:u_fwd_l2|altsyncram:dprev_h_mem_rtl_0|altsyncram_miq1:auto_generated              ; altsyncram_miq1                ; work         ;
;          |altsyncram:dprev_l_mem_rtl_0|         ; 0.0 (0.0)            ; 0.0 (0.0)                        ; 0.0 (0.0)                                         ; 0.0 (0.0)                        ; 0.0 (0.0)            ; 0 (0)               ; 0 (0)                     ; 0 (0)         ; 5120              ; 0     ; 0          ; 0    ; 0            ; |dwt53_streaming_de10_synth_top|dwt53_streaming_top:u_dwt53_streaming|dwt53_fwd2d_stream:u_fwd_l2|altsyncram:dprev_l_mem_rtl_0                                             ; altsyncram                     ; work         ;
;             |altsyncram_miq1:auto_generated|    ; 0.0 (0.0)            ; 0.0 (0.0)                        ; 0.0 (0.0)                                         ; 0.0 (0.0)                        ; 0.0 (0.0)            ; 0 (0)               ; 0 (0)                     ; 0 (0)         ; 5120              ; 0     ; 0          ; 0    ; 0            ; |dwt53_streaming_de10_synth_top|dwt53_streaming_top:u_dwt53_streaming|dwt53_fwd2d_stream:u_fwd_l2|altsyncram:dprev_l_mem_rtl_0|altsyncram_miq1:auto_generated              ; altsyncram_miq1                ; work         ;
;          |altsyncram:even_h_mem_rtl_0|          ; 0.0 (0.0)            ; 0.0 (0.0)                        ; 0.0 (0.0)                                         ; 0.0 (0.0)                        ; 0.0 (0.0)            ; 0 (0)               ; 0 (0)                     ; 0 (0)         ; 5120              ; 2     ; 0          ; 0    ; 0            ; |dwt53_streaming_de10_synth_top|dwt53_streaming_top:u_dwt53_streaming|dwt53_fwd2d_stream:u_fwd_l2|altsyncram:even_h_mem_rtl_0                                              ; altsyncram                     ; work         ;
;             |altsyncram_miq1:auto_generated|    ; 0.0 (0.0)            ; 0.0 (0.0)                        ; 0.0 (0.0)                                         ; 0.0 (0.0)                        ; 0.0 (0.0)            ; 0 (0)               ; 0 (0)                     ; 0 (0)         ; 5120              ; 2     ; 0          ; 0    ; 0            ; |dwt53_streaming_de10_synth_top|dwt53_streaming_top:u_dwt53_streaming|dwt53_fwd2d_stream:u_fwd_l2|altsyncram:even_h_mem_rtl_0|altsyncram_miq1:auto_generated               ; altsyncram_miq1                ; work         ;
;          |altsyncram:even_l_mem_rtl_0|          ; 0.0 (0.0)            ; 0.0 (0.0)                        ; 0.0 (0.0)                                         ; 0.0 (0.0)                        ; 0.0 (0.0)            ; 0 (0)               ; 0 (0)                     ; 0 (0)         ; 5120              ; 0     ; 0          ; 0    ; 0            ; |dwt53_streaming_de10_synth_top|dwt53_streaming_top:u_dwt53_streaming|dwt53_fwd2d_stream:u_fwd_l2|altsyncram:even_l_mem_rtl_0                                              ; altsyncram                     ; work         ;
;             |altsyncram_miq1:auto_generated|    ; 0.0 (0.0)            ; 0.0 (0.0)                        ; 0.0 (0.0)                                         ; 0.0 (0.0)                        ; 0.0 (0.0)            ; 0 (0)               ; 0 (0)                     ; 0 (0)         ; 5120              ; 0     ; 0          ; 0    ; 0            ; |dwt53_streaming_de10_synth_top|dwt53_streaming_top:u_dwt53_streaming|dwt53_fwd2d_stream:u_fwd_l2|altsyncram:even_l_mem_rtl_0|altsyncram_miq1:auto_generated               ; altsyncram_miq1                ; work         ;
;          |altsyncram:odd_h_mem_rtl_0|           ; 0.0 (0.0)            ; 0.0 (0.0)                        ; 0.0 (0.0)                                         ; 0.0 (0.0)                        ; 0.0 (0.0)            ; 0 (0)               ; 0 (0)                     ; 0 (0)         ; 5120              ; 2     ; 0          ; 0    ; 0            ; |dwt53_streaming_de10_synth_top|dwt53_streaming_top:u_dwt53_streaming|dwt53_fwd2d_stream:u_fwd_l2|altsyncram:odd_h_mem_rtl_0                                               ; altsyncram                     ; work         ;
;             |altsyncram_miq1:auto_generated|    ; 0.0 (0.0)            ; 0.0 (0.0)                        ; 0.0 (0.0)                                         ; 0.0 (0.0)                        ; 0.0 (0.0)            ; 0 (0)               ; 0 (0)                     ; 0 (0)         ; 5120              ; 2     ; 0          ; 0    ; 0            ; |dwt53_streaming_de10_synth_top|dwt53_streaming_top:u_dwt53_streaming|dwt53_fwd2d_stream:u_fwd_l2|altsyncram:odd_h_mem_rtl_0|altsyncram_miq1:auto_generated                ; altsyncram_miq1                ; work         ;
;          |altsyncram:odd_l_mem_rtl_0|           ; 0.0 (0.0)            ; 0.0 (0.0)                        ; 0.0 (0.0)                                         ; 0.0 (0.0)                        ; 0.0 (0.0)            ; 0 (0)               ; 0 (0)                     ; 0 (0)         ; 5120              ; 0     ; 0          ; 0    ; 0            ; |dwt53_streaming_de10_synth_top|dwt53_streaming_top:u_dwt53_streaming|dwt53_fwd2d_stream:u_fwd_l2|altsyncram:odd_l_mem_rtl_0                                               ; altsyncram                     ; work         ;
;             |altsyncram_miq1:auto_generated|    ; 0.0 (0.0)            ; 0.0 (0.0)                        ; 0.0 (0.0)                                         ; 0.0 (0.0)                        ; 0.0 (0.0)            ; 0 (0)               ; 0 (0)                     ; 0 (0)         ; 5120              ; 0     ; 0          ; 0    ; 0            ; |dwt53_streaming_de10_synth_top|dwt53_streaming_top:u_dwt53_streaming|dwt53_fwd2d_stream:u_fwd_l2|altsyncram:odd_l_mem_rtl_0|altsyncram_miq1:auto_generated                ; altsyncram_miq1                ; work         ;
;          |dwt53_fwd1d_pair_stream:u_row_fwd|    ; 98.3 (98.3)          ; 102.8 (102.8)                    ; 10.0 (10.0)                                       ; 5.5 (5.5)                        ; 0.0 (0.0)            ; 150 (150)           ; 91 (91)                   ; 0 (0)         ; 0                 ; 0     ; 0          ; 0    ; 0            ; |dwt53_streaming_de10_synth_top|dwt53_streaming_top:u_dwt53_streaming|dwt53_fwd2d_stream:u_fwd_l2|dwt53_fwd1d_pair_stream:u_row_fwd                                        ; dwt53_fwd1d_pair_stream        ; work         ;
;       |dwt53_inv2d_stream:u_inv_l1|             ; 687.1 (687.1)        ; 844.8 (844.8)                    ; 161.7 (161.7)                                     ; 4.0 (4.0)                        ; 0.0 (0.0)            ; 965 (965)           ; 1262 (1262)               ; 0 (0)         ; 163840            ; 27    ; 0          ; 0    ; 0            ; |dwt53_streaming_de10_synth_top|dwt53_streaming_top:u_dwt53_streaming|dwt53_inv2d_stream:u_inv_l1                                                                          ; dwt53_inv2d_stream             ; work         ;
;          |altsyncram:block_mem_rtl_0|           ; 0.0 (0.0)            ; 0.0 (0.0)                        ; 0.0 (0.0)                                         ; 0.0 (0.0)                        ; 0.0 (0.0)            ; 0 (0)               ; 0 (0)                     ; 0 (0)         ; 81920             ; 13    ; 0          ; 0    ; 0            ; |dwt53_streaming_de10_synth_top|dwt53_streaming_top:u_dwt53_streaming|dwt53_inv2d_stream:u_inv_l1|altsyncram:block_mem_rtl_0                                               ; altsyncram                     ; work         ;
;             |altsyncram_f6s1:auto_generated|    ; 0.0 (0.0)            ; 0.0 (0.0)                        ; 0.0 (0.0)                                         ; 0.0 (0.0)                        ; 0.0 (0.0)            ; 0 (0)               ; 0 (0)                     ; 0 (0)         ; 81920             ; 13    ; 0          ; 0    ; 0            ; |dwt53_streaming_de10_synth_top|dwt53_streaming_top:u_dwt53_streaming|dwt53_inv2d_stream:u_inv_l1|altsyncram:block_mem_rtl_0|altsyncram_f6s1:auto_generated                ; altsyncram_f6s1                ; work         ;
;          |altsyncram:prev_e_h_mem_rtl_0|        ; 0.0 (0.0)            ; 0.0 (0.0)                        ; 0.0 (0.0)                                         ; 0.0 (0.0)                        ; 0.0 (0.0)            ; 0 (0)               ; 0 (0)                     ; 0 (0)         ; 10240             ; 4     ; 0          ; 0    ; 0            ; |dwt53_streaming_de10_synth_top|dwt53_streaming_top:u_dwt53_streaming|dwt53_inv2d_stream:u_inv_l1|altsyncram:prev_e_h_mem_rtl_0                                            ; altsyncram                     ; work         ;
;             |altsyncram_glq1:auto_generated|    ; 0.0 (0.0)            ; 0.0 (0.0)                        ; 0.0 (0.0)                                         ; 0.0 (0.0)                        ; 0.0 (0.0)            ; 0 (0)               ; 0 (0)                     ; 0 (0)         ; 10240             ; 4     ; 0          ; 0    ; 0            ; |dwt53_streaming_de10_synth_top|dwt53_streaming_top:u_dwt53_streaming|dwt53_inv2d_stream:u_inv_l1|altsyncram:prev_e_h_mem_rtl_0|altsyncram_glq1:auto_generated             ; altsyncram_glq1                ; work         ;
;          |altsyncram:prev_e_h_mem_rtl_1|        ; 0.0 (0.0)            ; 0.0 (0.0)                        ; 0.0 (0.0)                                         ; 0.0 (0.0)                        ; 0.0 (0.0)            ; 0 (0)               ; 0 (0)                     ; 0 (0)         ; 10240             ; 4     ; 0          ; 0    ; 0            ; |dwt53_streaming_de10_synth_top|dwt53_streaming_top:u_dwt53_streaming|dwt53_inv2d_stream:u_inv_l1|altsyncram:prev_e_h_mem_rtl_1                                            ; altsyncram                     ; work         ;
;             |altsyncram_96p1:auto_generated|    ; 0.0 (0.0)            ; 0.0 (0.0)                        ; 0.0 (0.0)                                         ; 0.0 (0.0)                        ; 0.0 (0.0)            ; 0 (0)               ; 0 (0)                     ; 0 (0)         ; 10240             ; 4     ; 0          ; 0    ; 0            ; |dwt53_streaming_de10_synth_top|dwt53_streaming_top:u_dwt53_streaming|dwt53_inv2d_stream:u_inv_l1|altsyncram:prev_e_h_mem_rtl_1|altsyncram_96p1:auto_generated             ; altsyncram_96p1                ; work         ;
;          |altsyncram:prev_e_l_mem_rtl_0|        ; 0.0 (0.0)            ; 0.0 (0.0)                        ; 0.0 (0.0)                                         ; 0.0 (0.0)                        ; 0.0 (0.0)            ; 0 (0)               ; 0 (0)                     ; 0 (0)         ; 10240             ; 0     ; 0          ; 0    ; 0            ; |dwt53_streaming_de10_synth_top|dwt53_streaming_top:u_dwt53_streaming|dwt53_inv2d_stream:u_inv_l1|altsyncram:prev_e_l_mem_rtl_0                                            ; altsyncram                     ; work         ;
;             |altsyncram_glq1:auto_generated|    ; 0.0 (0.0)            ; 0.0 (0.0)                        ; 0.0 (0.0)                                         ; 0.0 (0.0)                        ; 0.0 (0.0)            ; 0 (0)               ; 0 (0)                     ; 0 (0)         ; 10240             ; 0     ; 0          ; 0    ; 0            ; |dwt53_streaming_de10_synth_top|dwt53_streaming_top:u_dwt53_streaming|dwt53_inv2d_stream:u_inv_l1|altsyncram:prev_e_l_mem_rtl_0|altsyncram_glq1:auto_generated             ; altsyncram_glq1                ; work         ;
;          |altsyncram:prev_e_l_mem_rtl_1|        ; 0.0 (0.0)            ; 0.0 (0.0)                        ; 0.0 (0.0)                                         ; 0.0 (0.0)                        ; 0.0 (0.0)            ; 0 (0)               ; 0 (0)                     ; 0 (0)         ; 10240             ; 0     ; 0          ; 0    ; 0            ; |dwt53_streaming_de10_synth_top|dwt53_streaming_top:u_dwt53_streaming|dwt53_inv2d_stream:u_inv_l1|altsyncram:prev_e_l_mem_rtl_1                                            ; altsyncram                     ; work         ;
;             |altsyncram_96p1:auto_generated|    ; 0.0 (0.0)            ; 0.0 (0.0)                        ; 0.0 (0.0)                                         ; 0.0 (0.0)                        ; 0.0 (0.0)            ; 0 (0)               ; 0 (0)                     ; 0 (0)         ; 10240             ; 0     ; 0          ; 0    ; 0            ; |dwt53_streaming_de10_synth_top|dwt53_streaming_top:u_dwt53_streaming|dwt53_inv2d_stream:u_inv_l1|altsyncram:prev_e_l_mem_rtl_1|altsyncram_96p1:auto_generated             ; altsyncram_96p1                ; work         ;
;          |altsyncram:prev_h_h_mem_rtl_0|        ; 0.0 (0.0)            ; 0.0 (0.0)                        ; 0.0 (0.0)                                         ; 0.0 (0.0)                        ; 0.0 (0.0)            ; 0 (0)               ; 0 (0)                     ; 0 (0)         ; 10240             ; 3     ; 0          ; 0    ; 0            ; |dwt53_streaming_de10_synth_top|dwt53_streaming_top:u_dwt53_streaming|dwt53_inv2d_stream:u_inv_l1|altsyncram:prev_h_h_mem_rtl_0                                            ; altsyncram                     ; work         ;
;             |altsyncram_glq1:auto_generated|    ; 0.0 (0.0)            ; 0.0 (0.0)                        ; 0.0 (0.0)                                         ; 0.0 (0.0)                        ; 0.0 (0.0)            ; 0 (0)               ; 0 (0)                     ; 0 (0)         ; 10240             ; 3     ; 0          ; 0    ; 0            ; |dwt53_streaming_de10_synth_top|dwt53_streaming_top:u_dwt53_streaming|dwt53_inv2d_stream:u_inv_l1|altsyncram:prev_h_h_mem_rtl_0|altsyncram_glq1:auto_generated             ; altsyncram_glq1                ; work         ;
;          |altsyncram:prev_h_h_mem_rtl_1|        ; 0.0 (0.0)            ; 0.0 (0.0)                        ; 0.0 (0.0)                                         ; 0.0 (0.0)                        ; 0.0 (0.0)            ; 0 (0)               ; 0 (0)                     ; 0 (0)         ; 10240             ; 3     ; 0          ; 0    ; 0            ; |dwt53_streaming_de10_synth_top|dwt53_streaming_top:u_dwt53_streaming|dwt53_inv2d_stream:u_inv_l1|altsyncram:prev_h_h_mem_rtl_1                                            ; altsyncram                     ; work         ;
;             |altsyncram_96p1:auto_generated|    ; 0.0 (0.0)            ; 0.0 (0.0)                        ; 0.0 (0.0)                                         ; 0.0 (0.0)                        ; 0.0 (0.0)            ; 0 (0)               ; 0 (0)                     ; 0 (0)         ; 10240             ; 3     ; 0          ; 0    ; 0            ; |dwt53_streaming_de10_synth_top|dwt53_streaming_top:u_dwt53_streaming|dwt53_inv2d_stream:u_inv_l1|altsyncram:prev_h_h_mem_rtl_1|altsyncram_96p1:auto_generated             ; altsyncram_96p1                ; work         ;
;          |altsyncram:prev_h_l_mem_rtl_0|        ; 0.0 (0.0)            ; 0.0 (0.0)                        ; 0.0 (0.0)                                         ; 0.0 (0.0)                        ; 0.0 (0.0)            ; 0 (0)               ; 0 (0)                     ; 0 (0)         ; 10240             ; 0     ; 0          ; 0    ; 0            ; |dwt53_streaming_de10_synth_top|dwt53_streaming_top:u_dwt53_streaming|dwt53_inv2d_stream:u_inv_l1|altsyncram:prev_h_l_mem_rtl_0                                            ; altsyncram                     ; work         ;
;             |altsyncram_glq1:auto_generated|    ; 0.0 (0.0)            ; 0.0 (0.0)                        ; 0.0 (0.0)                                         ; 0.0 (0.0)                        ; 0.0 (0.0)            ; 0 (0)               ; 0 (0)                     ; 0 (0)         ; 10240             ; 0     ; 0          ; 0    ; 0            ; |dwt53_streaming_de10_synth_top|dwt53_streaming_top:u_dwt53_streaming|dwt53_inv2d_stream:u_inv_l1|altsyncram:prev_h_l_mem_rtl_0|altsyncram_glq1:auto_generated             ; altsyncram_glq1                ; work         ;
;          |altsyncram:prev_h_l_mem_rtl_1|        ; 0.0 (0.0)            ; 0.0 (0.0)                        ; 0.0 (0.0)                                         ; 0.0 (0.0)                        ; 0.0 (0.0)            ; 0 (0)               ; 0 (0)                     ; 0 (0)         ; 10240             ; 0     ; 0          ; 0    ; 0            ; |dwt53_streaming_de10_synth_top|dwt53_streaming_top:u_dwt53_streaming|dwt53_inv2d_stream:u_inv_l1|altsyncram:prev_h_l_mem_rtl_1                                            ; altsyncram                     ; work         ;
;             |altsyncram_96p1:auto_generated|    ; 0.0 (0.0)            ; 0.0 (0.0)                        ; 0.0 (0.0)                                         ; 0.0 (0.0)                        ; 0.0 (0.0)            ; 0 (0)               ; 0 (0)                     ; 0 (0)         ; 10240             ; 0     ; 0          ; 0    ; 0            ; |dwt53_streaming_de10_synth_top|dwt53_streaming_top:u_dwt53_streaming|dwt53_inv2d_stream:u_inv_l1|altsyncram:prev_h_l_mem_rtl_1|altsyncram_96p1:auto_generated             ; altsyncram_96p1                ; work         ;
;       |dwt53_inv2d_stream:u_inv_l2|             ; 672.0 (672.0)        ; 816.0 (816.0)                    ; 149.5 (149.5)                                     ; 5.5 (5.5)                        ; 0.0 (0.0)            ; 942 (942)           ; 1246 (1246)               ; 0 (0)         ; 81920             ; 15    ; 0          ; 0    ; 0            ; |dwt53_streaming_de10_synth_top|dwt53_streaming_top:u_dwt53_streaming|dwt53_inv2d_stream:u_inv_l2                                                                          ; dwt53_inv2d_stream             ; work         ;
;          |altsyncram:block_mem_rtl_0|           ; 0.0 (0.0)            ; 0.0 (0.0)                        ; 0.0 (0.0)                                         ; 0.0 (0.0)                        ; 0.0 (0.0)            ; 0 (0)               ; 0 (0)                     ; 0 (0)         ; 40960             ; 7     ; 0          ; 0    ; 0            ; |dwt53_streaming_de10_synth_top|dwt53_streaming_top:u_dwt53_streaming|dwt53_inv2d_stream:u_inv_l2|altsyncram:block_mem_rtl_0                                               ; altsyncram                     ; work         ;
;             |altsyncram_b3s1:auto_generated|    ; 0.0 (0.0)            ; 0.0 (0.0)                        ; 0.0 (0.0)                                         ; 0.0 (0.0)                        ; 0.0 (0.0)            ; 0 (0)               ; 0 (0)                     ; 0 (0)         ; 40960             ; 7     ; 0          ; 0    ; 0            ; |dwt53_streaming_de10_synth_top|dwt53_streaming_top:u_dwt53_streaming|dwt53_inv2d_stream:u_inv_l2|altsyncram:block_mem_rtl_0|altsyncram_b3s1:auto_generated                ; altsyncram_b3s1                ; work         ;
;          |altsyncram:prev_e_h_mem_rtl_0|        ; 0.0 (0.0)            ; 0.0 (0.0)                        ; 0.0 (0.0)                                         ; 0.0 (0.0)                        ; 0.0 (0.0)            ; 0 (0)               ; 0 (0)                     ; 0 (0)         ; 5120              ; 3     ; 0          ; 0    ; 0            ; |dwt53_streaming_de10_synth_top|dwt53_streaming_top:u_dwt53_streaming|dwt53_inv2d_stream:u_inv_l2|altsyncram:prev_e_h_mem_rtl_0                                            ; altsyncram                     ; work         ;
;             |altsyncram_miq1:auto_generated|    ; 0.0 (0.0)            ; 0.0 (0.0)                        ; 0.0 (0.0)                                         ; 0.0 (0.0)                        ; 0.0 (0.0)            ; 0 (0)               ; 0 (0)                     ; 0 (0)         ; 5120              ; 3     ; 0          ; 0    ; 0            ; |dwt53_streaming_de10_synth_top|dwt53_streaming_top:u_dwt53_streaming|dwt53_inv2d_stream:u_inv_l2|altsyncram:prev_e_h_mem_rtl_0|altsyncram_miq1:auto_generated             ; altsyncram_miq1                ; work         ;
;          |altsyncram:prev_e_h_mem_rtl_1|        ; 0.0 (0.0)            ; 0.0 (0.0)                        ; 0.0 (0.0)                                         ; 0.0 (0.0)                        ; 0.0 (0.0)            ; 0 (0)               ; 0 (0)                     ; 0 (0)         ; 5120              ; 3     ; 0          ; 0    ; 0            ; |dwt53_streaming_de10_synth_top|dwt53_streaming_top:u_dwt53_streaming|dwt53_inv2d_stream:u_inv_l2|altsyncram:prev_e_h_mem_rtl_1                                            ; altsyncram                     ; work         ;
;             |altsyncram_f3p1:auto_generated|    ; 0.0 (0.0)            ; 0.0 (0.0)                        ; 0.0 (0.0)                                         ; 0.0 (0.0)                        ; 0.0 (0.0)            ; 0 (0)               ; 0 (0)                     ; 0 (0)         ; 5120              ; 3     ; 0          ; 0    ; 0            ; |dwt53_streaming_de10_synth_top|dwt53_streaming_top:u_dwt53_streaming|dwt53_inv2d_stream:u_inv_l2|altsyncram:prev_e_h_mem_rtl_1|altsyncram_f3p1:auto_generated             ; altsyncram_f3p1                ; work         ;
;          |altsyncram:prev_e_l_mem_rtl_0|        ; 0.0 (0.0)            ; 0.0 (0.0)                        ; 0.0 (0.0)                                         ; 0.0 (0.0)                        ; 0.0 (0.0)            ; 0 (0)               ; 0 (0)                     ; 0 (0)         ; 5120              ; 0     ; 0          ; 0    ; 0            ; |dwt53_streaming_de10_synth_top|dwt53_streaming_top:u_dwt53_streaming|dwt53_inv2d_stream:u_inv_l2|altsyncram:prev_e_l_mem_rtl_0                                            ; altsyncram                     ; work         ;
;             |altsyncram_miq1:auto_generated|    ; 0.0 (0.0)            ; 0.0 (0.0)                        ; 0.0 (0.0)                                         ; 0.0 (0.0)                        ; 0.0 (0.0)            ; 0 (0)               ; 0 (0)                     ; 0 (0)         ; 5120              ; 0     ; 0          ; 0    ; 0            ; |dwt53_streaming_de10_synth_top|dwt53_streaming_top:u_dwt53_streaming|dwt53_inv2d_stream:u_inv_l2|altsyncram:prev_e_l_mem_rtl_0|altsyncram_miq1:auto_generated             ; altsyncram_miq1                ; work         ;
;          |altsyncram:prev_e_l_mem_rtl_1|        ; 0.0 (0.0)            ; 0.0 (0.0)                        ; 0.0 (0.0)                                         ; 0.0 (0.0)                        ; 0.0 (0.0)            ; 0 (0)               ; 0 (0)                     ; 0 (0)         ; 5120              ; 0     ; 0          ; 0    ; 0            ; |dwt53_streaming_de10_synth_top|dwt53_streaming_top:u_dwt53_streaming|dwt53_inv2d_stream:u_inv_l2|altsyncram:prev_e_l_mem_rtl_1                                            ; altsyncram                     ; work         ;
;             |altsyncram_f3p1:auto_generated|    ; 0.0 (0.0)            ; 0.0 (0.0)                        ; 0.0 (0.0)                                         ; 0.0 (0.0)                        ; 0.0 (0.0)            ; 0 (0)               ; 0 (0)                     ; 0 (0)         ; 5120              ; 0     ; 0          ; 0    ; 0            ; |dwt53_streaming_de10_synth_top|dwt53_streaming_top:u_dwt53_streaming|dwt53_inv2d_stream:u_inv_l2|altsyncram:prev_e_l_mem_rtl_1|altsyncram_f3p1:auto_generated             ; altsyncram_f3p1                ; work         ;
;          |altsyncram:prev_h_h_mem_rtl_0|        ; 0.0 (0.0)            ; 0.0 (0.0)                        ; 0.0 (0.0)                                         ; 0.0 (0.0)                        ; 0.0 (0.0)            ; 0 (0)               ; 0 (0)                     ; 0 (0)         ; 5120              ; 1     ; 0          ; 0    ; 0            ; |dwt53_streaming_de10_synth_top|dwt53_streaming_top:u_dwt53_streaming|dwt53_inv2d_stream:u_inv_l2|altsyncram:prev_h_h_mem_rtl_0                                            ; altsyncram                     ; work         ;
;             |altsyncram_miq1:auto_generated|    ; 0.0 (0.0)            ; 0.0 (0.0)                        ; 0.0 (0.0)                                         ; 0.0 (0.0)                        ; 0.0 (0.0)            ; 0 (0)               ; 0 (0)                     ; 0 (0)         ; 5120              ; 1     ; 0          ; 0    ; 0            ; |dwt53_streaming_de10_synth_top|dwt53_streaming_top:u_dwt53_streaming|dwt53_inv2d_stream:u_inv_l2|altsyncram:prev_h_h_mem_rtl_0|altsyncram_miq1:auto_generated             ; altsyncram_miq1                ; work         ;
;          |altsyncram:prev_h_h_mem_rtl_1|        ; 0.0 (0.0)            ; 0.0 (0.0)                        ; 0.0 (0.0)                                         ; 0.0 (0.0)                        ; 0.0 (0.0)            ; 0 (0)               ; 0 (0)                     ; 0 (0)         ; 5120              ; 1     ; 0          ; 0    ; 0            ; |dwt53_streaming_de10_synth_top|dwt53_streaming_top:u_dwt53_streaming|dwt53_inv2d_stream:u_inv_l2|altsyncram:prev_h_h_mem_rtl_1                                            ; altsyncram                     ; work         ;
;             |altsyncram_f3p1:auto_generated|    ; 0.0 (0.0)            ; 0.0 (0.0)                        ; 0.0 (0.0)                                         ; 0.0 (0.0)                        ; 0.0 (0.0)            ; 0 (0)               ; 0 (0)                     ; 0 (0)         ; 5120              ; 1     ; 0          ; 0    ; 0            ; |dwt53_streaming_de10_synth_top|dwt53_streaming_top:u_dwt53_streaming|dwt53_inv2d_stream:u_inv_l2|altsyncram:prev_h_h_mem_rtl_1|altsyncram_f3p1:auto_generated             ; altsyncram_f3p1                ; work         ;
;          |altsyncram:prev_h_l_mem_rtl_0|        ; 0.0 (0.0)            ; 0.0 (0.0)                        ; 0.0 (0.0)                                         ; 0.0 (0.0)                        ; 0.0 (0.0)            ; 0 (0)               ; 0 (0)                     ; 0 (0)         ; 5120              ; 0     ; 0          ; 0    ; 0            ; |dwt53_streaming_de10_synth_top|dwt53_streaming_top:u_dwt53_streaming|dwt53_inv2d_stream:u_inv_l2|altsyncram:prev_h_l_mem_rtl_0                                            ; altsyncram                     ; work         ;
;             |altsyncram_miq1:auto_generated|    ; 0.0 (0.0)            ; 0.0 (0.0)                        ; 0.0 (0.0)                                         ; 0.0 (0.0)                        ; 0.0 (0.0)            ; 0 (0)               ; 0 (0)                     ; 0 (0)         ; 5120              ; 0     ; 0          ; 0    ; 0            ; |dwt53_streaming_de10_synth_top|dwt53_streaming_top:u_dwt53_streaming|dwt53_inv2d_stream:u_inv_l2|altsyncram:prev_h_l_mem_rtl_0|altsyncram_miq1:auto_generated             ; altsyncram_miq1                ; work         ;
;          |altsyncram:prev_h_l_mem_rtl_1|        ; 0.0 (0.0)            ; 0.0 (0.0)                        ; 0.0 (0.0)                                         ; 0.0 (0.0)                        ; 0.0 (0.0)            ; 0 (0)               ; 0 (0)                     ; 0 (0)         ; 5120              ; 0     ; 0          ; 0    ; 0            ; |dwt53_streaming_de10_synth_top|dwt53_streaming_top:u_dwt53_streaming|dwt53_inv2d_stream:u_inv_l2|altsyncram:prev_h_l_mem_rtl_1                                            ; altsyncram                     ; work         ;
;             |altsyncram_f3p1:auto_generated|    ; 0.0 (0.0)            ; 0.0 (0.0)                        ; 0.0 (0.0)                                         ; 0.0 (0.0)                        ; 0.0 (0.0)            ; 0 (0)               ; 0 (0)                     ; 0 (0)         ; 5120              ; 0     ; 0          ; 0    ; 0            ; |dwt53_streaming_de10_synth_top|dwt53_streaming_top:u_dwt53_streaming|dwt53_inv2d_stream:u_inv_l2|altsyncram:prev_h_l_mem_rtl_1|altsyncram_f3p1:auto_generated             ; altsyncram_f3p1                ; work         ;
+-------------------------------------------------+----------------------+----------------------------------+---------------------------------------------------+----------------------------------+----------------------+---------------------+---------------------------+---------------+-------------------+-------+------------+------+--------------+----------------------------------------------------------------------------------------------------------------------------------------------------------------------------+--------------------------------+--------------+
Note: For table entries with two numbers listed, the numbers in parentheses indicate the number of resources of the given type used by the specific entity alone. The numbers listed outside of parentheses indicate the total resources of the given type used by the specific entity and all of its sub-entities in the hierarchy.


